End auto log messages stack.	[MsgId: MMSG-10544]


Start auto log messages stack - Iteration 1091.	[MsgId: MMSG-10545]
Starting action Action.	[MsgId: MMSG-15919]
Action.c(4): web_url("canonical.html") started  	[MsgId: MMSG-26355]
Action.c(4): Detected non-resource "https://support.mozilla.org/kb/captive-portal" in "http://detectportal.firefox.com/canonical.html"  	[MsgId: MMSG-26573]
Action.c(4): Error -35196: HTTP Status-Code=429 (Retry With) for "https://support.mozilla.org/kb/captive-portal"  	[MsgId: MERR-35196]
End auto log messages stack.	[MsgId: MMSG-10544]


Start auto log messages stack - Iteration 1092.	[MsgId: MMSG-10545]
Starting action Action.	[MsgId: MMSG-15919]
Action.c(4): web_url("canonical.html") started  	[MsgId: MMSG-26355]
Action.c(4): Detected non-resource "https://support.mozilla.org/kb/captive-portal" in "http://detectportal.firefox.com/canonical.html"  	[MsgId: MMSG-26573]
Action.c(4): Error -35196: HTTP Status-Code=429 (Retry With) for "https://support.mozilla.org/kb/captive-portal"  	[MsgId: MERR-35196]
End auto log messages stack.	[MsgId: MMSG-10544]


Start auto log messages stack - Iteration 1093.	[MsgId: MMSG-10545]
Starting action Action.	[MsgId: MMSG-15919]
Action.c(4): web_url("canonical.html") started  	[MsgId: MMSG-26355]
Action.c(4): Detected non-resource "https://support.mozilla.org/kb/captive-portal" in "http://detectportal.firefox.com/canonical.html"  	[MsgId: MMSG-26573]
Action.c(4): Error -35196: HTTP Status-Code=429 (Retry With) for "https://support.mozilla.org/kb/captive-portal"  	[MsgId: MERR-35196]
End auto log messages stack.	[MsgId: MMSG-10544]


Start auto log messages stack - Iteration 1094.	[MsgId: MMSG-10545]
Starting action Action.	[MsgId: MMSG-15919]
Action.c(4): web_url("canonical.html") started  	[MsgId: MMSG-26355]
Action.c(4): Detected non-resource "https://support.mozilla.org/kb/captive-portal" in "http://detectportal.firefox.com/canonical.html"  	[MsgId: MMSG-26573]
Action.c(4): Error -35196: HTTP Status-Code=429 (Retry With) for "https://support.mozilla.org/kb/captive-portal"  	[MsgId: MERR-35196]
End auto log messages stack.	[MsgId: MMSG-10544]


Start auto log messages stack - Iteration 1095.	[MsgId: MMSG-10545]
Starting action Action.	[MsgId: MMSG-15919]
Action.c(4): web_url("canonical.html") started  	[MsgId: MMSG-26355]
Action.c(4): Detected non-resource "https://support.mozilla.org/kb/captive-portal" in "http://detectportal.firefox.com/canonical.html"  	[MsgId: MMSG-26573]
Action.c(4): Error -35196: HTTP Status-Code=429 (Retry With) for "https://support.mozilla.org/kb/captive-portal"  	[MsgId: MERR-35196]
End auto log messages stack.	[MsgId: MMSG-10544]


Start auto log messages stack - Iteration 1096.	[MsgId: MMSG-10545]
Starting action Action.	[MsgId: MMSG-15919]
Action.c(4): web_url("canonical.html") started  	[MsgId: MMSG-26355]
Action.c(4): Detected non-resource "https://support.mozilla.org/kb/captive-portal" in "http://detectportal.firefox.com/canonical.html"  	[MsgId: MMSG-26573]
Action.c(4): Error -35196: HTTP Status-Code=429 (Retry With) for "https://support.mozilla.org/kb/captive-portal"  	[MsgId: MERR-35196]
End auto log messages stack.	[MsgId: MMSG-10544]


Start auto log messages stack - Iteration 1097.	[MsgId: MMSG-10545]
Starting action Action.	[MsgId: MMSG-15919]
Action.c(4): web_url("canonical.html") started  	[MsgId: MMSG-26355]
Action.c(4): Detected non-resource "https://support.mozilla.org/kb/captive-portal" in "http://detectportal.firefox.com/canonical.html"  	[MsgId: MMSG-26573]
Action.c(4): Error -35196: HTTP Status-Code=429 (Retry With) for "https://support.mozilla.org/kb/captive-portal"  	[MsgId: MERR-35196]
End auto log messages stack.	[MsgId: MMSG-10544]


Start auto log messages stack - Iteration 1098.	[MsgId: MMSG-10545]
Starting action Action.	[MsgId: MMSG-15919]
Action.c(4): web_url("canonical.html") started  	[MsgId: MMSG-26355]
Action.c(4): Detected non-resource "https://support.mozilla.org/kb/captive-portal" in "http://detectportal.firefox.com/canonical.html"  	[MsgId: MMSG-26573]
Action.c(4): Error -35196: HTTP Status-Code=429 (Retry With) for "https://support.mozilla.org/kb/captive-portal"  	[MsgId: MERR-35196]
End auto log messages stack.	[MsgId: MMSG-10544]


Start auto log messages stack - Iteration 1099.	[MsgId: MMSG-10545]
Starting action Action.	[MsgId: MMSG-15919]
Action.c(4): web_url("canonical.html") started  	[MsgId: MMSG-26355]
Action.c(4): Detected non-resource "https://support.mozilla.org/kb/captive-portal" in "http://detectportal.firefox.com/canonical.html"  	[MsgId: MMSG-26573]
Action.c(4): Error -35196: HTTP Status-Code=429 (Retry With) for "https://support.mozilla.org/kb/captive-portal"  	[MsgId: MERR-35196]
End auto log messages stack.	[MsgId: MMSG-10544]


Start auto log messages stack - Iteration 1100.	[MsgId: MMSG-10545]
Starting action Action.	[MsgId: MMSG-15919]
Action.c(4): web_url("canonical.html") started  	[MsgId: MMSG-26355]
Action.c(4): Detected non-resource "https://support.mozilla.org/kb/captive-portal" in "http://detectportal.firefox.com/canonical.html"  	[MsgId: MMSG-26573]
Action.c(4): Error -35196: HTTP Status-Code=429 (Retry With) for "https://support.mozilla.org/kb/captive-portal"  	[MsgId: MERR-35196]
End auto log messages stack.	[MsgId: MMSG-10544]


Start auto log messages stack - Iteration 1101.	[MsgId: MMSG-10545]
Starting action Action.	[MsgId: MMSG-15919]
Action.c(4): web_url("canonical.html") started  	[MsgId: MMSG-26355]
Action.c(4): Detected non-resource "https://support.mozilla.org/kb/captive-portal" in "http://detectportal.firefox.com/canonical.html"  	[MsgId: MMSG-26573]
Action.c(4): Error -35196: HTTP Status-Code=429 (Retry With) for "https://support.mozilla.org/kb/captive-portal"  	[MsgId: MERR-35196]
End auto log messages stack.	[MsgId: MMSG-10544]


Start auto log messages stack - Iteration 1102.	[MsgId: MMSG-10545]
Starting action Action.	[MsgId: MMSG-15919]
Action.c(4): web_url("canonical.html") started  	[MsgId: MMSG-26355]
Action.c(4): Detected non-resource "https://support.mozilla.org/kb/captive-portal" in "http://detectportal.firefox.com/canonical.html"  	[MsgId: MMSG-26573]
Action.c(4): Error -35196: HTTP Status-Code=429 (Retry With) for "https://support.mozilla.org/kb/captive-portal"  	[MsgId: MERR-35196]
End auto log messages stack.	[MsgId: MMSG-10544]


Start auto log messages stack - Iteration 1103.	[MsgId: MMSG-10545]
Starting action Action.	[MsgId: MMSG-15919]
Action.c(4): web_url("canonical.html") started  	[MsgId: MMSG-26355]
Action.c(4): Detected non-resource "https://support.mozilla.org/kb/captive-portal" in "http://detectportal.firefox.com/canonical.html"  	[MsgId: MMSG-26573]
Action.c(4): Error -35196: HTTP Status-Code=429 (Retry With) for "https://support.mozilla.org/kb/captive-portal"  	[MsgId: MERR-35196]
End auto log messages stack.	[MsgId: MMSG-10544]


Start auto log messages stack - Iteration 1104.	[MsgId: MMSG-10545]
Starting action Action.	[MsgId: MMSG-15919]
Action.c(4): web_url("canonical.html") started  	[MsgId: MMSG-26355]
Action.c(4): Detected non-resource "https://support.mozilla.org/kb/captive-portal" in "http://detectportal.firefox.com/canonical.html"  	[MsgId: MMSG-26573]
Action.c(4): Error -35196: HTTP Status-Code=429 (Retry With) for "https://support.mozilla.org/kb/captive-portal"  	[MsgId: MERR-35196]
End auto log messages stack.	[MsgId: MMSG-10544]


Start auto log messages stack - Iteration 1105.	[MsgId: MMSG-10545]
Starting action Action.	[MsgId: MMSG-15919]
Action.c(4): web_url("canonical.html") started  	[MsgId: MMSG-26355]
Action.c(4): Detected non-resource "https://support.mozilla.org/kb/captive-portal" in "http://detectportal.firefox.com/canonical.html"  	[MsgId: MMSG-26573]
Action.c(4): Error -35196: HTTP Status-Code=429 (Retry With) for "https://support.mozilla.org/kb/captive-portal"  	[MsgId: MERR-35196]
End auto log messages stack.	[MsgId: MMSG-10544]


Start auto log messages stack - Iteration 1106.	[MsgId: MMSG-10545]
Starting action Action.	[MsgId: MMSG-15919]
Action.c(4): web_url("canonical.html") started  	[MsgId: MMSG-26355]
Action.c(4): Detected non-resource "https://support.mozilla.org/kb/captive-portal" in "http://detectportal.firefox.com/canonical.html"  	[MsgId: MMSG-26573]
Action.c(4): Error -35196: HTTP Status-Code=429 (Retry With) for "https://support.mozilla.org/kb/captive-portal"  	[MsgId: MERR-35196]
End auto log messages stack.	[MsgId: MMSG-10544]


Start auto log messages stack - Iteration 1107.	[MsgId: MMSG-10545]
Starting action Action.	[MsgId: MMSG-15919]
Action.c(4): web_url("canonical.html") started  	[MsgId: MMSG-26355]
Action.c(4): Detected non-resource "https://support.mozilla.org/kb/captive-portal" in "http://detectportal.firefox.com/canonical.html"  	[MsgId: MMSG-26573]
Action.c(4): Error -35196: HTTP Status-Code=429 (Retry With) for "https://support.mozilla.org/kb/captive-portal"  	[MsgId: MERR-35196]
End auto log messages stack.	[MsgId: MMSG-10544]


Start auto log messages stack - Iteration 1108.	[MsgId: MMSG-10545]
Starting action Action.	[MsgId: MMSG-15919]
Action.c(4): web_url("canonical.html") started  	[MsgId: MMSG-26355]
Action.c(4): Detected non-resource "https://support.mozilla.org/kb/captive-portal" in "http://detectportal.firefox.com/canonical.html"  	[MsgId: MMSG-26573]
Action.c(4): Error -35196: HTTP Status-Code=429 (Retry With) for "https://support.mozilla.org/kb/captive-portal"  	[MsgId: MERR-35196]
End auto log messages stack.	[MsgId: MMSG-10544]


Start auto log messages stack - Iteration 1109.	[MsgId: MMSG-10545]
Starting action Action.	[MsgId: MMSG-15919]
Action.c(4): web_url("canonical.html") started  	[MsgId: MMSG-26355]
Action.c(4): Detected non-resource "https://support.mozilla.org/kb/captive-portal" in "http://detectportal.firefox.com/canonical.html"  	[MsgId: MMSG-26573]
Action.c(4): Error -35196: HTTP Status-Code=429 (Retry With) for "https://support.mozilla.org/kb/captive-portal"  	[MsgId: MERR-35196]
End auto log messages stack.	[MsgId: MMSG-10544]


Start auto log messages stack - Iteration 1110.	[MsgId: MMSG-10545]
Starting action Action.	[MsgId: MMSG-15919]
Action.c(4): web_url("canonical.html") started  	[MsgId: MMSG-26355]
Action.c(4): Detected non-resource "https://support.mozilla.org/kb/captive-portal" in "http://detectportal.firefox.com/canonical.html"  	[MsgId: MMSG-26573]
Action.c(4): Error -35196: HTTP Status-Code=429 (Retry With) for "https://support.mozilla.org/kb/captive-portal"  	[MsgId: MERR-35196]
End auto log messages stack.	[MsgId: MMSG-10544]


Start auto log messages stack - Iteration 1111.	[MsgId: MMSG-10545]
Starting action Action.	[MsgId: MMSG-15919]
Action.c(4): web_url("canonical.html") started  	[MsgId: MMSG-26355]
Action.c(4): Detected non-resource "https://support.mozilla.org/kb/captive-portal" in "http://detectportal.firefox.com/canonical.html"  	[MsgId: MMSG-26573]
Action.c(4): Error -35196: HTTP Status-Code=429 (Retry With) for "https://support.mozilla.org/kb/captive-portal"  	[MsgId: MERR-35196]
End auto log messages stack.	[MsgId: MMSG-10544]


Start auto log messages stack - Iteration 1112.	[MsgId: MMSG-10545]
Starting action Action.	[MsgId: MMSG-15919]
Action.c(4): web_url("canonical.html") started  	[MsgId: MMSG-26355]
Action.c(4): Detected non-resource "https://support.mozilla.org/kb/captive-portal" in "http://detectportal.firefox.com/canonical.html"  	[MsgId: MMSG-26573]
Action.c(4): Error -35196: HTTP Status-Code=429 (Retry With) for "https://support.mozilla.org/kb/captive-portal"  	[MsgId: MERR-35196]
End auto log messages stack.	[MsgId: MMSG-10544]


Start auto log messages stack - Iteration 1113.	[MsgId: MMSG-10545]
Starting action Action.	[MsgId: MMSG-15919]
Action.c(4): web_url("canonical.html") started  	[MsgId: MMSG-26355]
Action.c(4): Detected non-resource "https://support.mozilla.org/kb/captive-portal" in "http://detectportal.firefox.com/canonical.html"  	[MsgId: MMSG-26573]
Action.c(4): Error -35196: HTTP Status-Code=429 (Retry With) for "https://support.mozilla.org/kb/captive-portal"  	[MsgId: MERR-35196]
End auto log messages stack.	[MsgId: MMSG-10544]


Start auto log messages stack - Iteration 1114.	[MsgId: MMSG-10545]
Starting action Action.	[MsgId: MMSG-15919]
Action.c(4): web_url("canonical.html") started  	[MsgId: MMSG-26355]
Action.c(4): Detected non-resource "https://support.mozilla.org/kb/captive-portal" in "http://detectportal.firefox.com/canonical.html"  	[MsgId: MMSG-26573]
Action.c(4): Error -35196: HTTP Status-Code=429 (Retry With) for "https://support.mozilla.org/kb/captive-portal"  	[MsgId: MERR-35196]
End auto log messages stack.	[MsgId: MMSG-10544]


Start auto log messages stack - Iteration 1115.	[MsgId: MMSG-10545]
Starting action Action.	[MsgId: MMSG-15919]
Action.c(4): web_url("canonical.html") started  	[MsgId: MMSG-26355]
Action.c(4): Detected non-resource "https://support.mozilla.org/kb/captive-portal" in "http://detectportal.firefox.com/canonical.html"  	[MsgId: MMSG-26573]
Action.c(4): Error -35196: HTTP Status-Code=429 (Retry With) for "https://support.mozilla.org/kb/captive-portal"  	[MsgId: MERR-35196]
End auto log messages stack.	[MsgId: MMSG-10544]


Start auto log messages stack - Iteration 1116.	[MsgId: MMSG-10545]
Starting action Action.	[MsgId: MMSG-15919]
Action.c(4): web_url("canonical.html") started  	[MsgId: MMSG-26355]
Action.c(4): Detected non-resource "https://support.mozilla.org/kb/captive-portal" in "http://detectportal.firefox.com/canonical.html"  	[MsgId: MMSG-26573]
Action.c(4): Error -35196: HTTP Status-Code=429 (Retry With) for "https://support.mozilla.org/kb/captive-portal"  	[MsgId: MERR-35196]
End auto log messages stack.	[MsgId: MMSG-10544]


Start auto log messages stack - Iteration 1117.	[MsgId: MMSG-10545]
Starting action Action.	[MsgId: MMSG-15919]
Action.c(4): web_url("canonical.html") started  	[MsgId: MMSG-26355]
Action.c(4): Detected non-resource "https://support.mozilla.org/kb/captive-portal" in "http://detectportal.firefox.com/canonical.html"  	[MsgId: MMSG-26573]
Action.c(4): Error -35196: HTTP Status-Code=429 (Retry With) for "https://support.mozilla.org/kb/captive-portal"  	[MsgId: MERR-35196]
End auto log messages stack.	[MsgId: MMSG-10544]


Start auto log messages stack - Iteration 1118.	[MsgId: MMSG-10545]
Starting action Action.	[MsgId: MMSG-15919]
Action.c(4): web_url("canonical.html") started  	[MsgId: MMSG-26355]
Action.c(4): Detected non-resource "https://support.mozilla.org/kb/captive-portal" in "http://detectportal.firefox.com/canonical.html"  	[MsgId: MMSG-26573]
Action.c(4): Error -35196: HTTP Status-Code=429 (Retry With) for "https://support.mozilla.org/kb/captive-portal"  	[MsgId: MERR-35196]
End auto log messages stack.	[MsgId: MMSG-10544]


Start auto log messages stack - Iteration 1119.	[MsgId: MMSG-10545]
Starting action Action.	[MsgId: MMSG-15919]
Action.c(4): web_url("canonical.html") started  	[MsgId: MMSG-26355]
Action.c(4): Detected non-resource "https://support.mozilla.org/kb/captive-portal" in "http://detectportal.firefox.com/canonical.html"  	[MsgId: MMSG-26573]
Action.c(4): Error -35196: HTTP Status-Code=429 (Retry With) for "https://support.mozilla.org/kb/captive-portal"  	[MsgId: MERR-35196]
End auto log messages stack.	[MsgId: MMSG-10544]


Start auto log messages stack - Iteration 1120.	[MsgId: MMSG-10545]
Starting action Action.	[MsgId: MMSG-15919]
Action.c(4): web_url("canonical.html") started  	[MsgId: MMSG-26355]
Action.c(4): Detected non-resource "https://support.mozilla.org/kb/captive-portal" in "http://detectportal.firefox.com/canonical.html"  	[MsgId: MMSG-26573]
Action.c(4): Error -35196: HTTP Status-Code=429 (Retry With) for "https://support.mozilla.org/kb/captive-portal"  	[MsgId: MERR-35196]
End auto log messages stack.	[MsgId: MMSG-10544]


Start auto log messages stack - Iteration 1121.	[MsgId: MMSG-10545]
Starting action Action.	[MsgId: MMSG-15919]
Action.c(4): web_url("canonical.html") started  	[MsgId: MMSG-26355]
Action.c(4): Detected non-resource "https://support.mozilla.org/kb/captive-portal" in "http://detectportal.firefox.com/canonical.html"  	[MsgId: MMSG-26573]
Action.c(4): Error -35196: HTTP Status-Code=429 (Retry With) for "https://support.mozilla.org/kb/captive-portal"  	[MsgId: MERR-35196]
End auto log messages stack.	[MsgId: MMSG-10544]


Start auto log messages stack - Iteration 1122.	[MsgId: MMSG-10545]
Starting action Action.	[MsgId: MMSG-15919]
Action.c(4): web_url("canonical.html") started  	[MsgId: MMSG-26355]
Action.c(4): Detected non-resource "https://support.mozilla.org/kb/captive-portal" in "http://detectportal.firefox.com/canonical.html"  	[MsgId: MMSG-26573]
Action.c(4): Error -35196: HTTP Status-Code=429 (Retry With) for "https://support.mozilla.org/kb/captive-portal"  	[MsgId: MERR-35196]
End auto log messages stack.	[MsgId: MMSG-10544]


Start auto log messages stack - Iteration 1123.	[MsgId: MMSG-10545]
Starting action Action.	[MsgId: MMSG-15919]
Action.c(4): web_url("canonical.html") started  	[MsgId: MMSG-26355]
Action.c(4): Detected non-resource "https://support.mozilla.org/kb/captive-portal" in "http://detectportal.firefox.com/canonical.html"  	[MsgId: MMSG-26573]
Action.c(4): Error -35196: HTTP Status-Code=429 (Retry With) for "https://support.mozilla.org/kb/captive-portal"  	[MsgId: MERR-35196]
End auto log messages stack.	[MsgId: MMSG-10544]


Start auto log messages stack - Iteration 1124.	[MsgId: MMSG-10545]
Starting action Action.	[MsgId: MMSG-15919]
Action.c(4): web_url("canonical.html") started  	[MsgId: MMSG-26355]
Action.c(4): Detected non-resource "https://support.mozilla.org/kb/captive-portal" in "http://detectportal.firefox.com/canonical.html"  	[MsgId: MMSG-26573]
Action.c(4): Error -35196: HTTP Status-Code=429 (Retry With) for "https://support.mozilla.org/kb/captive-portal"  	[MsgId: MERR-35196]
End auto log messages stack.	[MsgId: MMSG-10544]


Start auto log messages stack - Iteration 1125.	[MsgId: MMSG-10545]
Starting action Action.	[MsgId: MMSG-15919]
Action.c(4): web_url("canonical.html") started  	[MsgId: MMSG-26355]
Action.c(4): Detected non-resource "https://support.mozilla.org/kb/captive-portal" in "http://detectportal.firefox.com/canonical.html"  	[MsgId: MMSG-26573]
Action.c(4): Error -35196: HTTP Status-Code=429 (Retry With) for "https://support.mozilla.org/kb/captive-portal"  	[MsgId: MERR-35196]
End auto log messages stack.	[MsgId: MMSG-10544]


Start auto log messages stack - Iteration 1126.	[MsgId: MMSG-10545]
Starting action Action.	[MsgId: MMSG-15919]
Action.c(4): web_url("canonical.html") started  	[MsgId: MMSG-26355]
Action.c(4): Detected non-resource "https://support.mozilla.org/kb/captive-portal" in "http://detectportal.firefox.com/canonical.html"  	[MsgId: MMSG-26573]
Action.c(4): Error -35196: HTTP Status-Code=429 (Retry With) for "https://support.mozilla.org/kb/captive-portal"  	[MsgId: MERR-35196]
End auto log messages stack.	[MsgId: MMSG-10544]


Start auto log messages stack - Iteration 1127.	[MsgId: MMSG-10545]
Starting action Action.	[MsgId: MMSG-15919]
Action.c(4): web_url("canonical.html") started  	[MsgId: MMSG-26355]
Action.c(4): Detected non-resource "https://support.mozilla.org/kb/captive-portal" in "http://detectportal.firefox.com/canonical.html"  	[MsgId: MMSG-26573]
Action.c(4): Error -35196: HTTP Status-Code=429 (Retry With) for "https://support.mozilla.org/kb/captive-portal"  	[MsgId: MERR-35196]
End auto log messages stack.	[MsgId: MMSG-10544]


Start auto log messages stack - Iteration 1128.	[MsgId: MMSG-10545]
Starting action Action.	[MsgId: MMSG-15919]
Action.c(4): web_url("canonical.html") started  	[MsgId: MMSG-26355]
Action.c(4): Detected non-resource "https://support.mozilla.org/kb/captive-portal" in "http://detectportal.firefox.com/canonical.html"  	[MsgId: MMSG-26573]
Action.c(4): Error -35196: HTTP Status-Code=429 (Retry With) for "https://support.mozilla.org/kb/captive-portal"  	[MsgId: MERR-35196]
End auto log messages stack.	[MsgId: MMSG-10544]


Start auto log messages stack - Iteration 1129.	[MsgId: MMSG-10545]
Starting action Action.	[MsgId: MMSG-15919]
Action.c(4): web_url("canonical.html") started  	[MsgId: MMSG-26355]
Action.c(4): Detected non-resource "https://support.mozilla.org/kb/captive-portal" in "http://detectportal.firefox.com/canonical.html"  	[MsgId: MMSG-26573]
Action.c(4): Error -35196: HTTP Status-Code=429 (Retry With) for "https://support.mozilla.org/kb/captive-portal"  	[MsgId: MERR-35196]
End auto log messages stack.	[MsgId: MMSG-10544]


Start auto log messages stack - Iteration 1130.	[MsgId: MMSG-10545]
Starting action Action.	[MsgId: MMSG-15919]
Action.c(4): web_url("canonical.html") started  	[MsgId: MMSG-26355]
Action.c(4): Detected non-resource "https://support.mozilla.org/kb/captive-portal" in "http://detectportal.firefox.com/canonical.html"  	[MsgId: MMSG-26573]
Action.c(4): Error -35196: HTTP Status-Code=429 (Retry With) for "https://support.mozilla.org/kb/captive-portal"  	[MsgId: MERR-35196]
End auto log messages stack.	[MsgId: MMSG-10544]


Start auto log messages stack - Iteration 1131.	[MsgId: MMSG-10545]
Starting action Action.	[MsgId: MMSG-15919]
Action.c(4): web_url("canonical.html") started  	[MsgId: MMSG-26355]
Action.c(4): Detected non-resource "https://support.mozilla.org/kb/captive-portal" in "http://detectportal.firefox.com/canonical.html"  	[MsgId: MMSG-26573]
Action.c(4): Error -35196: HTTP Status-Code=429 (Retry With) for "https://support.mozilla.org/kb/captive-portal"  	[MsgId: MERR-35196]
End auto log messages stack.	[MsgId: MMSG-10544]


Start auto log messages stack - Iteration 1132.	[MsgId: MMSG-10545]
Starting action Action.	[MsgId: MMSG-15919]
Action.c(4): web_url("canonical.html") started  	[MsgId: MMSG-26355]
Action.c(4): Detected non-resource "https://support.mozilla.org/kb/captive-portal" in "http://detectportal.firefox.com/canonical.html"  	[MsgId: MMSG-26573]
Action.c(4): Error -35196: HTTP Status-Code=429 (Retry With) for "https://support.mozilla.org/kb/captive-portal"  	[MsgId: MERR-35196]
End auto log messages stack.	[MsgId: MMSG-10544]


Start auto log messages stack - Iteration 1133.	[MsgId: MMSG-10545]
Starting action Action.	[MsgId: MMSG-15919]
Action.c(4): web_url("canonical.html") started  	[MsgId: MMSG-26355]
Action.c(4): Detected non-resource "https://support.mozilla.org/kb/captive-portal" in "http://detectportal.firefox.com/canonical.html"  	[MsgId: MMSG-26573]
Action.c(4): Error -35196: HTTP Status-Code=429 (Retry With) for "https://support.mozilla.org/kb/captive-portal"  	[MsgId: MERR-35196]
End auto log messages stack.	[MsgId: MMSG-10544]


Start auto log messages stack - Iteration 1134.	[MsgId: MMSG-10545]
Starting action Action.	[MsgId: MMSG-15919]
Action.c(4): web_url("canonical.html") started  	[MsgId: MMSG-26355]
Action.c(4): Detected non-resource "https://support.mozilla.org/kb/captive-portal" in "http://detectportal.firefox.com/canonical.html"  	[MsgId: MMSG-26573]
Action.c(4): Error -35196: HTTP Status-Code=429 (Retry With) for "https://support.mozilla.org/kb/captive-portal"  	[MsgId: MERR-35196]
End auto log messages stack.	[MsgId: MMSG-10544]


Start auto log messages stack - Iteration 1135.	[MsgId: MMSG-10545]
Starting action Action.	[MsgId: MMSG-15919]
Action.c(4): web_url("canonical.html") started  	[MsgId: MMSG-26355]
Action.c(4): Detected non-resource "https://support.mozilla.org/kb/captive-portal" in "http://detectportal.firefox.com/canonical.html"  	[MsgId: MMSG-26573]
Action.c(4): Error -35196: HTTP Status-Code=429 (Retry With) for "https://support.mozilla.org/kb/captive-portal"  	[MsgId: MERR-35196]
End auto log messages stack.	[MsgId: MMSG-10544]


Start auto log messages stack - Iteration 1136.	[MsgId: MMSG-10545]
Starting action Action.	[MsgId: MMSG-15919]
Action.c(4): web_url("canonical.html") started  	[MsgId: MMSG-26355]
Action.c(4): Detected non-resource "https://support.mozilla.org/kb/captive-portal" in "http://detectportal.firefox.com/canonical.html"  	[MsgId: MMSG-26573]
Action.c(4): Error -35196: HTTP Status-Code=429 (Retry With) for "https://support.mozilla.org/kb/captive-portal"  	[MsgId: MERR-35196]
End auto log messages stack.	[MsgId: MMSG-10544]


Start auto log messages stack - Iteration 1137.	[MsgId: MMSG-10545]
Starting action Action.	[MsgId: MMSG-15919]
Action.c(4): web_url("canonical.html") started  	[MsgId: MMSG-26355]
Action.c(4): Detected non-resource "https://support.mozilla.org/kb/captive-portal" in "http://detectportal.firefox.com/canonical.html"  	[MsgId: MMSG-26573]
Action.c(4): Error -35196: HTTP Status-Code=429 (Retry With) for "https://support.mozilla.org/kb/captive-portal"  	[MsgId: MERR-35196]
End auto log messages stack.	[MsgId: MMSG-10544]


Start auto log messages stack - Iteration 1138.	[MsgId: MMSG-10545]
Starting action Action.	[MsgId: MMSG-15919]
Action.c(4): web_url("canonical.html") started  	[MsgId: MMSG-26355]
Action.c(4): Detected non-resource "https://support.mozilla.org/kb/captive-portal" in "http://detectportal.firefox.com/canonical.html"  	[MsgId: MMSG-26573]
Action.c(4): Error -35196: HTTP Status-Code=429 (Retry With) for "https://support.mozilla.org/kb/captive-portal"  	[MsgId: MERR-35196]
End auto log messages stack.	[MsgId: MMSG-10544]


Start auto log messages stack - Iteration 1139.	[MsgId: MMSG-10545]
Starting action Action.	[MsgId: MMSG-15919]
Action.c(4): web_url("canonical.html") started  	[MsgId: MMSG-26355]
Action.c(4): Detected non-resource "https://support.mozilla.org/kb/captive-portal" in "http://detectportal.firefox.com/canonical.html"  	[MsgId: MMSG-26573]
Action.c(4): Error -35196: HTTP Status-Code=429 (Retry With) for "https://support.mozilla.org/kb/captive-portal"  	[MsgId: MERR-35196]
End auto log messages stack.	[MsgId: MMSG-10544]


Start auto log messages stack - Iteration 1140.	[MsgId: MMSG-10545]
Starting action Action.	[MsgId: MMSG-15919]
Action.c(4): web_url("canonical.html") started  	[MsgId: MMSG-26355]
Action.c(4): Detected non-resource "https://support.mozilla.org/kb/captive-portal" in "http://detectportal.firefox.com/canonical.html"  	[MsgId: MMSG-26573]
Action.c(4): Error -35196: HTTP Status-Code=429 (Retry With) for "https://support.mozilla.org/kb/captive-portal"  	[MsgId: MERR-35196]
End auto log messages stack.	[MsgId: MMSG-10544]


Start auto log messages stack - Iteration 1141.	[MsgId: MMSG-10545]
Starting action Action.	[MsgId: MMSG-15919]
Action.c(4): web_url("canonical.html") started  	[MsgId: MMSG-26355]
Action.c(4): Detected non-resource "https://support.mozilla.org/kb/captive-portal" in "http://detectportal.firefox.com/canonical.html"  	[MsgId: MMSG-26573]
Action.c(4): Error -35196: HTTP Status-Code=429 (Retry With) for "https://support.mozilla.org/kb/captive-portal"  	[MsgId: MERR-35196]
End auto log messages stack.	[MsgId: MMSG-10544]


Start auto log messages stack - Iteration 1142.	[MsgId: MMSG-10545]
Starting action Action.	[MsgId: MMSG-15919]
Action.c(4): web_url("canonical.html") started  	[MsgId: MMSG-26355]
Action.c(4): Detected non-resource "https://support.mozilla.org/kb/captive-portal" in "http://detectportal.firefox.com/canonical.html"  	[MsgId: MMSG-26573]
Action.c(4): Error -35196: HTTP Status-Code=429 (Retry With) for "https://support.mozilla.org/kb/captive-portal"  	[MsgId: MERR-35196]
End auto log messages stack.	[MsgId: MMSG-10544]


Start auto log messages stack - Iteration 1143.	[MsgId: MMSG-10545]
Starting action Action.	[MsgId: MMSG-15919]
Action.c(4): web_url("canonical.html") started  	[MsgId: MMSG-26355]
Action.c(4): Detected non-resource "https://support.mozilla.org/kb/captive-portal" in "http://detectportal.firefox.com/canonical.html"  	[MsgId: MMSG-26573]
Action.c(4): Error -35196: HTTP Status-Code=429 (Retry With) for "https://support.mozilla.org/kb/captive-portal"  	[MsgId: MERR-35196]
End auto log messages stack.	[MsgId: MMSG-10544]


Start auto log messages stack - Iteration 1144.	[MsgId: MMSG-10545]
Starting action Action.	[MsgId: MMSG-15919]
Action.c(4): web_url("canonical.html") started  	[MsgId: MMSG-26355]
Action.c(4): Detected non-resource "https://support.mozilla.org/kb/captive-portal" in "http://detectportal.firefox.com/canonical.html"  	[MsgId: MMSG-26573]
Action.c(4): Error -35196: HTTP Status-Code=429 (Retry With) for "https://support.mozilla.org/kb/captive-portal"  	[MsgId: MERR-35196]
End auto log messages stack.	[MsgId: MMSG-10544]


Start auto log messages stack - Iteration 1145.	[MsgId: MMSG-10545]
Starting action Action.	[MsgId: MMSG-15919]
Action.c(4): web_url("canonical.html") started  	[MsgId: MMSG-26355]
Action.c(4): Detected non-resource "https://support.mozilla.org/kb/captive-portal" in "http://detectportal.firefox.com/canonical.html"  	[MsgId: MMSG-26573]
Action.c(4): Error -35196: HTTP Status-Code=429 (Retry With) for "https://support.mozilla.org/kb/captive-portal"  	[MsgId: MERR-35196]
End auto log messages stack.	[MsgId: MMSG-10544]


Start auto log messages stack - Iteration 1146.	[MsgId: MMSG-10545]
Starting action Action.	[MsgId: MMSG-15919]
Action.c(4): web_url("canonical.html") started  	[MsgId: MMSG-26355]
Action.c(4): Detected non-resource "https://support.mozilla.org/kb/captive-portal" in "http://detectportal.firefox.com/canonical.html"  	[MsgId: MMSG-26573]
Action.c(4): Error -35196: HTTP Status-Code=429 (Retry With) for "https://support.mozilla.org/kb/captive-portal"  	[MsgId: MERR-35196]
End auto log messages stack.	[MsgId: MMSG-10544]


Start auto log messages stack - Iteration 1147.	[MsgId: MMSG-10545]
Starting action Action.	[MsgId: MMSG-15919]
Action.c(4): web_url("canonical.html") started  	[MsgId: MMSG-26355]
Action.c(4): Detected non-resource "https://support.mozilla.org/kb/captive-portal" in "http://detectportal.firefox.com/canonical.html"  	[MsgId: MMSG-26573]
Action.c(4): Error -35196: HTTP Status-Code=429 (Retry With) for "https://support.mozilla.org/kb/captive-portal"  	[MsgId: MERR-35196]
End auto log messages stack.	[MsgId: MMSG-10544]


Start auto log messages stack - Iteration 1148.	[MsgId: MMSG-10545]
Starting action Action.	[MsgId: MMSG-15919]
Action.c(4): web_url("canonical.html") started  	[MsgId: MMSG-26355]
Action.c(4): Detected non-resource "https://support.mozilla.org/kb/captive-portal" in "http://detectportal.firefox.com/canonical.html"  	[MsgId: MMSG-26573]
Action.c(4): Error -35196: HTTP Status-Code=429 (Retry With) for "https://support.mozilla.org/kb/captive-portal"  	[MsgId: MERR-35196]
End auto log messages stack.	[MsgId: MMSG-10544]


Start auto log messages stack - Iteration 1149.	[MsgId: MMSG-10545]
Starting action Action.	[MsgId: MMSG-15919]
Action.c(4): web_url("canonical.html") started  	[MsgId: MMSG-26355]
Action.c(4): Detected non-resource "https://support.mozilla.org/kb/captive-portal" in "http://detectportal.firefox.com/canonical.html"  	[MsgId: MMSG-26573]
Action.c(4): Error -35196: HTTP Status-Code=429 (Retry With) for "https://support.mozilla.org/kb/captive-portal"  	[MsgId: MERR-35196]
End auto log messages stack.	[MsgId: MMSG-10544]


Start auto log messages stack - Iteration 1150.	[MsgId: MMSG-10545]
Starting action Action.	[MsgId: MMSG-15919]
Action.c(4): web_url("canonical.html") started  	[MsgId: MMSG-26355]
Action.c(4): Detected non-resource "https://support.mozilla.org/kb/captive-portal" in "http://detectportal.firefox.com/canonical.html"  	[MsgId: MMSG-26573]
Action.c(4): Error -35196: HTTP Status-Code=429 (Retry With) for "https://support.mozilla.org/kb/captive-portal"  	[MsgId: MERR-35196]
End auto log messages stack.	[MsgId: MMSG-10544]


Start auto log messages stack - Iteration 1151.	[MsgId: MMSG-10545]
Starting action Action.	[MsgId: MMSG-15919]
Action.c(4): web_url("canonical.html") started  	[MsgId: MMSG-26355]
Action.c(4): Detected non-resource "https://support.mozilla.org/kb/captive-portal" in "http://detectportal.firefox.com/canonical.html"  	[MsgId: MMSG-26573]
Action.c(4): Error -35196: HTTP Status-Code=429 (Retry With) for "https://support.mozilla.org/kb/captive-portal"  	[MsgId: MERR-35196]
End auto log messages stack.	[MsgId: MMSG-10544]


Start auto log messages stack - Iteration 1152.	[MsgId: MMSG-10545]
Starting action Action.	[MsgId: MMSG-15919]
Action.c(4): web_url("canonical.html") started  	[MsgId: MMSG-26355]
Action.c(4): Detected non-resource "https://support.mozilla.org/kb/captive-portal" in "http://detectportal.firefox.com/canonical.html"  	[MsgId: MMSG-26573]
Action.c(4): Error -35196: HTTP Status-Code=429 (Retry With) for "https://support.mozilla.org/kb/captive-portal"  	[MsgId: MERR-35196]
End auto log messages stack.	[MsgId: MMSG-10544]


Start auto log messages stack - Iteration 1153.	[MsgId: MMSG-10545]
Starting action Action.	[MsgId: MMSG-15919]
Action.c(4): web_url("canonical.html") started  	[MsgId: MMSG-26355]
Action.c(4): Detected non-resource "https://support.mozilla.org/kb/captive-portal" in "http://detectportal.firefox.com/canonical.html"  	[MsgId: MMSG-26573]
Action.c(4): Error -35196: HTTP Status-Code=429 (Retry With) for "https://support.mozilla.org/kb/captive-portal"  	[MsgId: MERR-35196]
End auto log messages stack.	[MsgId: MMSG-10544]


Start auto log messages stack - Iteration 1154.	[MsgId: MMSG-10545]
Starting action Action.	[MsgId: MMSG-15919]
Action.c(4): web_url("canonical.html") started  	[MsgId: MMSG-26355]
Action.c(4): Detected non-resource "https://support.mozilla.org/kb/captive-portal" in "http://detectportal.firefox.com/canonical.html"  	[MsgId: MMSG-26573]
Action.c(4): Error -35196: HTTP Status-Code=429 (Retry With) for "https://support.mozilla.org/kb/captive-portal"  	[MsgId: MERR-35196]
End auto log messages stack.	[MsgId: MMSG-10544]


Start auto log messages stack - Iteration 1155.	[MsgId: MMSG-10545]
Starting action Action.	[MsgId: MMSG-15919]
Action.c(4): web_url("canonical.html") started  	[MsgId: MMSG-26355]
Action.c(4): Detected non-resource "https://support.mozilla.org/kb/captive-portal" in "http://detectportal.firefox.com/canonical.html"  	[MsgId: MMSG-26573]
Action.c(4): Error -35196: HTTP Status-Code=429 (Retry With) for "https://support.mozilla.org/kb/captive-portal"  	[MsgId: MERR-35196]
End auto log messages stack.	[MsgId: MMSG-10544]


Start auto log messages stack - Iteration 1156.	[MsgId: MMSG-10545]
Starting action Action.	[MsgId: MMSG-15919]
Action.c(4): web_url("canonical.html") started  	[MsgId: MMSG-26355]
Action.c(4): Detected non-resource "https://support.mozilla.org/kb/captive-portal" in "http://detectportal.firefox.com/canonical.html"  	[MsgId: MMSG-26573]
Action.c(4): Error -35196: HTTP Status-Code=429 (Retry With) for "https://support.mozilla.org/kb/captive-portal"  	[MsgId: MERR-35196]
End auto log messages stack.	[MsgId: MMSG-10544]


Start auto log messages stack - Iteration 1157.	[MsgId: MMSG-10545]
Starting action Action.	[MsgId: MMSG-15919]
Action.c(4): web_url("canonical.html") started  	[MsgId: MMSG-26355]
Action.c(4): Detected non-resource "https://support.mozilla.org/kb/captive-portal" in "http://detectportal.firefox.com/canonical.html"  	[MsgId: MMSG-26573]
Action.c(4): Error -35196: HTTP Status-Code=429 (Retry With) for "https://support.mozilla.org/kb/captive-portal"  	[MsgId: MERR-35196]
End auto log messages stack.	[MsgId: MMSG-10544]


Start auto log messages stack - Iteration 1158.	[MsgId: MMSG-10545]
Starting action Action.	[MsgId: MMSG-15919]
Action.c(4): web_url("canonical.html") started  	[MsgId: MMSG-26355]
Action.c(4): Detected non-resource "https://support.mozilla.org/kb/captive-portal" in "http://detectportal.firefox.com/canonical.html"  	[MsgId: MMSG-26573]
Action.c(4): Error -35196: HTTP Status-Code=429 (Retry With) for "https://support.mozilla.org/kb/captive-portal"  	[MsgId: MERR-35196]
End auto log messages stack.	[MsgId: MMSG-10544]


Start auto log messages stack - Iteration 1159.	[MsgId: MMSG-10545]
Starting action Action.	[MsgId: MMSG-15919]
Action.c(4): web_url("canonical.html") started  	[MsgId: MMSG-26355]
Action.c(4): Detected non-resource "https://support.mozilla.org/kb/captive-portal" in "http://detectportal.firefox.com/canonical.html"  	[MsgId: MMSG-26573]
Action.c(4): Error -35196: HTTP Status-Code=429 (Retry With) for "https://support.mozilla.org/kb/captive-portal"  	[MsgId: MERR-35196]
End auto log messages stack.	[MsgId: MMSG-10544]


Start auto log messages stack - Iteration 1160.	[MsgId: MMSG-10545]
Starting action Action.	[MsgId: MMSG-15919]
Action.c(4): web_url("canonical.html") started  	[MsgId: MMSG-26355]
Action.c(4): Detected non-resource "https://support.mozilla.org/kb/captive-portal" in "http://detectportal.firefox.com/canonical.html"  	[MsgId: MMSG-26573]
Action.c(4): Error -35196: HTTP Status-Code=429 (Retry With) for "https://support.mozilla.org/kb/captive-portal"  	[MsgId: MERR-35196]
End auto log messages stack.	[MsgId: MMSG-10544]


Start auto log messages stack - Iteration 1161.	[MsgId: MMSG-10545]
Starting action Action.	[MsgId: MMSG-15919]
Action.c(4): web_url("canonical.html") started  	[MsgId: MMSG-26355]
Action.c(4): Detected non-resource "https://support.mozilla.org/kb/captive-portal" in "http://detectportal.firefox.com/canonical.html"  	[MsgId: MMSG-26573]
Action.c(4): Error -35196: HTTP Status-Code=429 (Retry With) for "https://support.mozilla.org/kb/captive-portal"  	[MsgId: MERR-35196]
End auto log messages stack.	[MsgId: MMSG-10544]


Start auto log messages stack - Iteration 1162.	[MsgId: MMSG-10545]
Starting action Action.	[MsgId: MMSG-15919]
Action.c(4): web_url("canonical.html") started  	[MsgId: MMSG-26355]
Action.c(4): Detected non-resource "https://support.mozilla.org/kb/captive-portal" in "http://detectportal.firefox.com/canonical.html"  	[MsgId: MMSG-26573]
Action.c(4): Error -35196: HTTP Status-Code=429 (Retry With) for "https://support.mozilla.org/kb/captive-portal"  	[MsgId: MERR-35196]
End auto log messages stack.	[MsgId: MMSG-10544]


Start auto log messages stack - Iteration 1163.	[MsgId: MMSG-10545]
Starting action Action.	[MsgId: MMSG-15919]
Action.c(4): web_url("canonical.html") started  	[MsgId: MMSG-26355]
Action.c(4): Detected non-resource "https://support.mozilla.org/kb/captive-portal" in "http://detectportal.firefox.com/canonical.html"  	[MsgId: MMSG-26573]
Action.c(4): Error -35196: HTTP Status-Code=429 (Retry With) for "https://support.mozilla.org/kb/captive-portal"  	[MsgId: MERR-35196]
End auto log messages stack.	[MsgId: MMSG-10544]


Start auto log messages stack - Iteration 1164.	[MsgId: MMSG-10545]
Starting action Action.	[MsgId: MMSG-15919]
Action.c(4): web_url("canonical.html") started  	[MsgId: MMSG-26355]
Action.c(4): Detected non-resource "https://support.mozilla.org/kb/captive-portal" in "http://detectportal.firefox.com/canonical.html"  	[MsgId: MMSG-26573]
Action.c(4): Error -35196: HTTP Status-Code=429 (Retry With) for "https://support.mozilla.org/kb/captive-portal"  	[MsgId: MERR-35196]
End auto log messages stack.	[MsgId: MMSG-10544]


Start auto log messages stack - Iteration 1165.	[MsgId: MMSG-10545]
Starting action Action.	[MsgId: MMSG-15919]
Action.c(4): web_url("canonical.html") started  	[MsgId: MMSG-26355]
Action.c(4): Detected non-resource "https://support.mozilla.org/kb/captive-portal" in "http://detectportal.firefox.com/canonical.html"  	[MsgId: MMSG-26573]
Action.c(4): Error -35196: HTTP Status-Code=429 (Retry With) for "https://support.mozilla.org/kb/captive-portal"  	[MsgId: MERR-35196]
End auto log messages stack.	[MsgId: MMSG-10544]


Start auto log messages stack - Iteration 1166.	[MsgId: MMSG-10545]
Starting action Action.	[MsgId: MMSG-15919]
Action.c(4): web_url("canonical.html") started  	[MsgId: MMSG-26355]
Action.c(4): Detected non-resource "https://support.mozilla.org/kb/captive-portal" in "http://detectportal.firefox.com/canonical.html"  	[MsgId: MMSG-26573]
Action.c(4): Error -35196: HTTP Status-Code=429 (Retry With) for "https://support.mozilla.org/kb/captive-portal"  	[MsgId: MERR-35196]
End auto log messages stack.	[MsgId: MMSG-10544]


Start auto log messages stack - Iteration 1167.	[MsgId: MMSG-10545]
Starting action Action.	[MsgId: MMSG-15919]
Action.c(4): web_url("canonical.html") started  	[MsgId: MMSG-26355]
Action.c(4): Detected non-resource "https://support.mozilla.org/kb/captive-portal" in "http://detectportal.firefox.com/canonical.html"  	[MsgId: MMSG-26573]
Action.c(4): Error -35196: HTTP Status-Code=429 (Retry With) for "https://support.mozilla.org/kb/captive-portal"  	[MsgId: MERR-35196]
End auto log messages stack.	[MsgId: MMSG-10544]


Start auto log messages stack - Iteration 1168.	[MsgId: MMSG-10545]
Starting action Action.	[MsgId: MMSG-15919]
Action.c(4): web_url("canonical.html") started  	[MsgId: MMSG-26355]
Action.c(4): Detected non-resource "https://support.mozilla.org/kb/captive-portal" in "http://detectportal.firefox.com/canonical.html"  	[MsgId: MMSG-26573]
Action.c(4): Error -35196: HTTP Status-Code=429 (Retry With) for "https://support.mozilla.org/kb/captive-portal"  	[MsgId: MERR-35196]
End auto log messages stack.	[MsgId: MMSG-10544]


Start auto log messages stack - Iteration 1169.	[MsgId: MMSG-10545]
Starting action Action.	[MsgId: MMSG-15919]
Action.c(4): web_url("canonical.html") started  	[MsgId: MMSG-26355]
Action.c(4): Detected non-resource "https://support.mozilla.org/kb/captive-portal" in "http://detectportal.firefox.com/canonical.html"  	[MsgId: MMSG-26573]
Action.c(4): Error -35196: HTTP Status-Code=429 (Retry With) for "https://support.mozilla.org/kb/captive-portal"  	[MsgId: MERR-35196]
End auto log messages stack.	[MsgId: MMSG-10544]


Start auto log messages stack - Iteration 1170.	[MsgId: MMSG-10545]
Starting action Action.	[MsgId: MMSG-15919]
Action.c(4): web_url("canonical.html") started  	[MsgId: MMSG-26355]
Action.c(4): Detected non-resource "https://support.mozilla.org/kb/captive-portal" in "http://detectportal.firefox.com/canonical.html"  	[MsgId: MMSG-26573]
Action.c(4): Error -35196: HTTP Status-Code=429 (Retry With) for "https://support.mozilla.org/kb/captive-portal"  	[MsgId: MERR-35196]
End auto log messages stack.	[MsgId: MMSG-10544]


Start auto log messages stack - Iteration 1171.	[MsgId: MMSG-10545]
Starting action Action.	[MsgId: MMSG-15919]
Action.c(4): web_url("canonical.html") started  	[MsgId: MMSG-26355]
Action.c(4): Detected non-resource "https://support.mozilla.org/kb/captive-portal" in "http://detectportal.firefox.com/canonical.html"  	[MsgId: MMSG-26573]
Action.c(4): Error -35196: HTTP Status-Code=429 (Retry With) for "https://support.mozilla.org/kb/captive-portal"  	[MsgId: MERR-35196]
End auto log messages stack.	[MsgId: MMSG-10544]


Start auto log messages stack - Iteration 1172.	[MsgId: MMSG-10545]
Starting action Action.	[MsgId: MMSG-15919]
Action.c(4): web_url("canonical.html") started  	[MsgId: MMSG-26355]
Action.c(4): Detected non-resource "https://support.mozilla.org/kb/captive-portal" in "http://detectportal.firefox.com/canonical.html"  	[MsgId: MMSG-26573]
Action.c(4): Error -35196: HTTP Status-Code=429 (Retry With) for "https://support.mozilla.org/kb/captive-portal"  	[MsgId: MERR-35196]
End auto log messages stack.	[MsgId: MMSG-10544]


Start auto log messages stack - Iteration 1173.	[MsgId: MMSG-10545]
Starting action Action.	[MsgId: MMSG-15919]
Action.c(4): web_url("canonical.html") started  	[MsgId: MMSG-26355]
Action.c(4): Detected non-resource "https://support.mozilla.org/kb/captive-portal" in "http://detectportal.firefox.com/canonical.html"  	[MsgId: MMSG-26573]
Action.c(4): Error -35196: HTTP Status-Code=429 (Retry With) for "https://support.mozilla.org/kb/captive-portal"  	[MsgId: MERR-35196]
End auto log messages stack.	[MsgId: MMSG-10544]


Start auto log messages stack - Iteration 1174.	[MsgId: MMSG-10545]
Starting action Action.	[MsgId: MMSG-15919]
Action.c(4): web_url("canonical.html") started  	[MsgId: MMSG-26355]
Action.c(4): Detected non-resource "https://support.mozilla.org/kb/captive-portal" in "http://detectportal.firefox.com/canonical.html"  	[MsgId: MMSG-26573]
Action.c(4): Error -35196: HTTP Status-Code=429 (Retry With) for "https://support.mozilla.org/kb/captive-portal"  	[MsgId: MERR-35196]
End auto log messages stack.	[MsgId: MMSG-10544]


Start auto log messages stack - Iteration 1175.	[MsgId: MMSG-10545]
Starting action Action.	[MsgId: MMSG-15919]
Action.c(4): web_url("canonical.html") started  	[MsgId: MMSG-26355]
Action.c(4): Detected non-resource "https://support.mozilla.org/kb/captive-portal" in "http://detectportal.firefox.com/canonical.html"  	[MsgId: MMSG-26573]
Action.c(4): Error -35196: HTTP Status-Code=429 (Retry With) for "https://support.mozilla.org/kb/captive-portal"  	[MsgId: MERR-35196]
End auto log messages stack.	[MsgId: MMSG-10544]


Start auto log messages stack - Iteration 1176.	[MsgId: MMSG-10545]
Starting action Action.	[MsgId: MMSG-15919]
Action.c(4): web_url("canonical.html") started  	[MsgId: MMSG-26355]
Action.c(4): Detected non-resource "https://support.mozilla.org/kb/captive-portal" in "http://detectportal.firefox.com/canonical.html"  	[MsgId: MMSG-26573]
Action.c(4): Error -35196: HTTP Status-Code=429 (Retry With) for "https://support.mozilla.org/kb/captive-portal"  	[MsgId: MERR-35196]
End auto log messages stack.	[MsgId: MMSG-10544]


